// Jest Snapshot v1, https://goo.gl/fbAQLP

exports[`renders correctly 1`] = `
<div
  className="jsx-243749409"
>
  <nav
    className="jsx-4078471715"
  >
    <ul
      className="jsx-4078471715"
    >
      <li
        className="jsx-4078471715"
      >
        <a
          className="jsx-4078471715"
          href="/"
          onClick={[Function]}
        >
          Home
        </a>
      </li>
      <ul
        className="jsx-4078471715"
      >
        <li
          className="jsx-4078471715"
        >
          <a
            className="jsx-4078471715"
            href="https://github.com/segmentio/create-next-app"
            onClick={[Function]}
          >
            Github
          </a>
        </li>
      </ul>
    </ul>
  </nav>
  <div
    className="jsx-243749409 hero"
  >
    <h1
      className="jsx-243749409 title"
    />
    <p
      className="jsx-243749409 description"
    >
      To get started, edit 
      <code
        className="jsx-243749409"
      >
        pages/index.js
      </code>
       and save to reload.
    </p>
    <div
      className="jsx-243749409 row"
    >
      <a
        className="jsx-243749409 card"
        href="https://github.com/zeit/next.js#getting-started"
        onClick={[Function]}
      >
        <h3
          className="jsx-243749409"
        >
          Getting Started →
        </h3>
        <p
          className="jsx-243749409"
        >
          Learn more about Next on Github and in their examples
        </p>
      </a>
      <a
        className="jsx-243749409 card"
        href="https://open.segment.com/create-next-app"
        onClick={[Function]}
      >
        <h3
          className="jsx-243749409"
        >
          Examples →
        </h3>
        <p
          className="jsx-243749409"
        >
          Find other example boilerplates on the 
          <code
            className="jsx-243749409"
          >
            create-next-app
          </code>
           site
        </p>
      </a>
      <a
        className="jsx-243749409 card"
        href="https://github.com/segmentio/create-next-app"
        onClick={[Function]}
      >
        <h3
          className="jsx-243749409"
        >
          Create Next App →
        </h3>
        <p
          className="jsx-243749409"
        >
          Was this tool helpful? Let us know how we can improve it
        </p>
      </a>
    </div>
  </div>
</div>
`;
